bachanekp@bad2:~$ pwd
/home/bachanekp
bachanekp@bad2:~$ ls
bachanekp@bad2:~$ ls -a
.  ..  .bash_logout  .bashrc  .profile
bachanekp@bad2:~$ ls-la
-bash: ls-la: command not found
bachanekp@bad2:~$ ls -la
total 28
drwxr-x---   2 bachanekp bachanekp  4096 Oct 27 11:38 .
drwxr-xr-x 384 root      root      12288 Oct 27 11:38 ..
-rw-r--r--   1 bachanekp bachanekp   220 May 15  2017 .bash_logout
-rw-r--r--   1 bachanekp bachanekp  3526 May 15  2017 .bashrc
-rw-r--r--   1 bachanekp bachanekp   675 May 15  2017 .profile
bachanekp@bad2:~$ mkdir testowy
bachanekp@bad2:~$ ls
testowy
bachanekp@bad2:~$ ls -l
total 4
drwxr-xr-x 2 bachanekp bachanekp 4096 Oct 27 11:53 testowy
bachanekp@bad2:~$ cd testowy/
bachanekp@bad2:~/testowy$ touch test.txt
bachanekp@bad2:~/testowy$ ls -l
total 0
-rw-r--r-- 1 bachanekp bachanekp 0 Oct 27 11:55 test.txt
bachanekp@bad2:~/testowy$ nano text.txt
bachanekp@bad2:~/testowy$ ls -l
total 4
-rw-r--r-- 1 bachanekp bachanekp  0 Oct 27 11:55 test.txt
-rw-r--r-- 1 bachanekp bachanekp 21 Oct 27 11:57 text.txt
bachanekp@bad2:~/testowy$ cat test.txt
bachanekp@bad2:~/testowy$ cat text.txt
to jest plik testowy
bachanekp@bad2:~/testowy$ ls -l
total 4
-rw-r--r-- 1 bachanekp bachanekp  0 Oct 27 11:55 test.txt
-rw-r--r-- 1 bachanekp bachanekp 21 Oct 27 11:57 text.txt
bachanekp@bad2:~/testowy$ cd ..
bachanekp@bad2:~$ mysql -u bachanekp -p
Enter password:
Welcome to the MySQL monitor.  Commands end with ; or \g.
Your MySQL connection id is 658
Server version: 8.0.22 MySQL Community Server - GPL

Copyright (c) 2000, 2020, Oracle and/or its affiliates. All rights reserved.

Oracle is a registered trademark of Oracle Corporation and/or its
affiliates. Other names may be trademarks of their respective
owners.

Type 'help;' or '\h' for help. Type '\c' to clear the current input statement.

mysql> show databases;
+--------------------+
| Database           |
+--------------------+
| bachanekp          |
| information_schema |
+--------------------+
2 rows in set (0.01 sec)

mysql> use bachanekp
Database changed
mysql> show tables;
Empty set (0.00 sec)

mysql> CREATE TABLE pracownik (id_pracownika INT PRIMARY KEY,imie VARCHAR(40) NOT NULL,nazwisko VARCHAR(50) NOT NULL,zarobki DOUBLE(10,2) DEFAULT 4000,data_uordzenia DATE NOT NULL,stanowisko ENUM('manager','kierownik','sprzedwaca','kasjer'));
Query OK, 0 rows affected, 1 warning (0.08 sec)

mysql> INSERT INTO pracownik VALUES(1, 'Jan', 'Kolwaski', 3000, '1999-01-10','kasjer');
Query OK, 1 row affected (0.00 sec)

mysql> CREATE TABLE postac (id_postaci INT PRIMARY KEY AUTO_INCREMENT,nazwa VARCHAR(40) NOT NULL, rodzaj ENUM('wikiing','ptak','kobieta'),data_ur DATE NOT NULL,wiek INT  UNSIGNED);
Query OK, 0 rows affected (0.02 sec)

mysql> INSERT INTO postac VALUES(NULL,'Bjorn','wiking','2000-01-01',21);
ERROR 1265 (01000): Data truncated for column 'rodzaj' at row 1
mysql> DROP TABLE postac;
Query OK, 0 rows affected (0.04 sec)

mysql> CREATE TABLE postac (id_postaci INT PRIMARY KEY AUTO_INCREMENT,nazwa VARCHAR(40) NOT NULL, rodzaj ENUM('wiking','ptak','kobieta'),data_ur DATE NOT NULL,wiek INT  UNSIGNED);
Query OK, 0 rows affected (0.05 sec)

mysql> INSERT INTO postac VALUES(NULL,'Bjorn','wiking','2000-01-01',21);
Query OK, 1 row affected (0.03 sec)

mysql> INSERT INTO postac VALUES(NULL,'Drozd','ptak','2020-10-27',1);
Query OK, 1 row affected (0.00 sec)

mysql> INSERT INTO postac VALUES(NULL,'Tesciowa','kobieta','1951-10-27',70);
Query OK, 1 row affected (0.01 sec)

mysql> UPDATE postac SET data_ur='1933-01-01',wiek=88 WHERE id_postaci=3;
Query OK, 1 row affected (0.00 sec)
Rows matched: 1  Changed: 1  Warnings: 0
mysql> CREATE TABLE walizka (id_walizki INT AUTO_INCREMENT PRIMARY KEY,pojemnosc INT UNSIGNED,kolor lasciciela INT, FOREIGN KEY(id_wlasciciela) REFERENCES postac(id_postaci) ON DELETE CASCADE);
Query OK, 0 rows affected (0.05 sec)

mysql> INSERT INTO walizka VALUES(NULL,'100','czerwony',1);
Query OK, 1 row affected (0.08 sec)

mysql> INSERT INTO walizka VALUES(NULL,'200','zolty',3);
Query OK, 1 row affected (0.00 sec)

mysql> CREATE TABLE izba (adres_budynku INT,nazwa_izby VARCHAR(30), metraz INT UNSIGNED, wlasciciel INT,FOREIGN KEY(wlasciciel) REFERENCES postac(id_postaci) ON DELETE SET NULL, PRIMARY KEY(adres_budynku,nazwa_izby));
Query OK, 0 rows affected (0.05 sec)
